{
 "apps": {
  "Client": {
   "name": {
    "part": [
     "Client"
    ]
   },
   "endpoints": {
    "OnClick": {
     "name": "OnClick",
     "param": [
      {
       "name": "arg1",
       "type": {
        "typeRef": {
         "ref": {
          "appname": {
           "part": [
            "type1"
           ]
          }
         }
        }
       }
      },
      {
       "name": "arg2",
       "type": {
        "typeRef": {
         "ref": {
          "appname": {
           "part": [
            "type2"
           ]
          }
         }
        }
       }
      }
     ],
     "stmt": [
      {
       "call": {
        "target": {
         "part": [
          "Server"
         ]
        },
        "endpoint": "Endpoint",
        "arg": [
         {
          "name": "id"
         }
        ]
       },
       "attrs": {
        "patterns": {
         "a": {
          "elt": [
           {
            "s": "https"
           },
           {
            "s": "soap"
           }
          ]
         }
        }
       }
      },
      {
       "call": {
        "target": {
         "part": [
          "Server"
         ]
        },
        "endpoint": "PUT /foo/"
       }
      },
      {
       "call": {
        "target": {
         "part": [
          "Server"
         ]
        },
        "endpoint": "PUT /foo",
        "arg": [
         {
          "name": "bar"
         }
        ]
       }
      },
      {
       "call": {
        "target": {
         "part": [
          "Server"
         ]
        },
        "endpoint": "PUT /foo",
        "arg": [
         {
          "name": "bar \u003c: String"
         }
        ]
       }
      }
     ],
     "sourceContext": {
      "file": "args.sysl",
      "start": {
       "line": 12,
       "col": 4
      },
      "end": {
       "line": 17
      }
     }
    }
   },
   "sourceContext": {
    "file": "args.sysl",
    "start": {
     "line": 11,
     "col": 1
    },
    "end": {
     "line": 11
    }
   }
  },
  "Server": {
   "name": {
    "part": [
     "Server"
    ]
   },
   "endpoints": {
    "Endpoint": {
     "name": "Endpoint",
     "stmt": [
      {
       "action": {
        "action": "..."
       }
      }
     ],
     "sourceContext": {
      "file": "args.sysl",
      "start": {
       "line": 2,
       "col": 4
      },
      "end": {
       "line": 5,
       "col": 4
      }
     }
    },
    "PUT /foo": {
     "name": "PUT /foo",
     "attrs": {
      "patterns": {
       "a": {
        "elt": [
         {
          "s": "rest"
         }
        ]
       }
      }
     },
     "stmt": [
      {
       "action": {
        "action": "..."
       }
      }
     ],
     "restParams": {
      "method": "PUT",
      "path": "/foo"
     },
     "sourceContext": {
      "file": "args.sysl",
      "start": {
       "line": 6,
       "col": 8
      },
      "end": {
       "line": 8,
       "col": 8
      }
     }
    },
    "PUT /foo/": {
     "name": "PUT /foo/",
     "attrs": {
      "patterns": {
       "a": {
        "elt": [
         {
          "s": "rest"
         }
        ]
       }
      }
     },
     "stmt": [
      {
       "action": {
        "action": "..."
       }
      }
     ],
     "restParams": {
      "method": "PUT",
      "path": "/foo/"
     },
     "sourceContext": {
      "file": "args.sysl",
      "start": {
       "line": 9,
       "col": 12
      },
      "end": {
       "line": 11,
       "col": 6
      }
     }
    }
   },
   "sourceContext": {
    "file": "args.sysl",
    "start": {
     "line": 1,
     "col": 1
    },
    "end": {
     "line": 1
    }
   }
  }
 }
}